[     205ms] [LOG] [Fast Refresh] rebuilding @ http://localhost:3000/_next/static/chunks/9ea42_next_dist_client_ccc97b1d._.js:5949
[     826ms] [LOG] [Fast Refresh] done in 721ms @ http://localhost:3000/_next/static/chunks/9ea42_next_dist_client_ccc97b1d._.js:5809
[     928ms] [LOG] [Fast Refresh] rebuilding @ http://localhost:3000/_next/static/chunks/9ea42_next_dist_client_ccc97b1d._.js:5949
[     981ms] [LOG] [Fast Refresh] done in 155ms @ http://localhost:3000/_next/static/chunks/9ea42_next_dist_client_ccc97b1d._.js:5809
[    1090ms] [INFO] %cDownload the React DevTools for a better development experience: https://react.dev/link/react-devtools font-weight:bold @ http://localhost:3000/_next/static/chunks/9ea42_next_dist_compiled_react-dom_3bef5fa5._.js:14537
[    1470ms] [INFO] Banner not shown: beforeinstallpromptevent.preventDefault() called. The page must call beforeinstallpromptevent.prompt() to show the banner. @ http://localhost:3000/transactions:0
[  340448ms] [LOG] [Fast Refresh] rebuilding @ http://localhost:3000/_next/static/chunks/9ea42_next_dist_client_ccc97b1d._.js:5949
[  340687ms] [LOG] [Fast Refresh] done in 341ms @ http://localhost:3000/_next/static/chunks/9ea42_next_dist_client_ccc97b1d._.js:5809
[  349091ms] [LOG] [Fast Refresh] rebuilding @ http://localhost:3000/_next/static/chunks/9ea42_next_dist_client_ccc97b1d._.js:5949
[  349174ms] [LOG] [Fast Refresh] done in 186ms @ http://localhost:3000/_next/static/chunks/9ea42_next_dist_client_ccc97b1d._.js:5809
[  965327ms] [LOG] [Fast Refresh] rebuilding @ http://localhost:3000/_next/static/chunks/9ea42_next_dist_client_ccc97b1d._.js:5949
[  967416ms] [WARNING] [Fast Refresh] performing full reload

Fast Refresh will perform a full reload when you edit a file that's imported by modules outside of the React rendering tree.
You might have a file which exports a React component but also exports a value that is imported by a non-React component file.
Consider migrating the non-React component export to a separate file and importing it into both files.

It is also possible the parent component of the component you edited is a class component, which disables Fast Refresh.
Fast Refresh requires at least one parent function component in your React tree. @ http://localhost:3000/_next/static/chunks/%5Bturbopack%5D_browser_dev_hmr-client_hmr-client_ts_c8c997ce._.js:34
[  967424ms] [LOG] [Fast Refresh] done in 2190ms @ http://localhost:3000/_next/static/chunks/9ea42_next_dist_client_ccc97b1d._.js:5809
[  968487ms] [LOG] [Fast Refresh] rebuilding @ http://localhost:3000/_next/static/chunks/9ea42_next_dist_client_ccc97b1d._.js:5949
[  969827ms] [WARNING] [Fast Refresh] performing full reload

Fast Refresh will perform a full reload when you edit a file that's imported by modules outside of the React rendering tree.
You might have a file which exports a React component but also exports a value that is imported by a non-React component file.
Consider migrating the non-React component export to a separate file and importing it into both files.

It is also possible the parent component of the component you edited is a class component, which disables Fast Refresh.
Fast Refresh requires at least one parent function component in your React tree. @ http://localhost:3000/_next/static/chunks/%5Bturbopack%5D_browser_dev_hmr-client_hmr-client_ts_c8c997ce._.js:34
[  969871ms] [LOG] [Fast Refresh] done in 1440ms @ http://localhost:3000/_next/static/chunks/9ea42_next_dist_client_ccc97b1d._.js:5809
[  970618ms] [INFO] %cDownload the React DevTools for a better development experience: https://react.dev/link/react-devtools font-weight:bold @ http://localhost:3000/_next/static/chunks/9ea42_next_dist_compiled_react-dom_3bef5fa5._.js:14537
[  971321ms] [INFO] Banner not shown: beforeinstallpromptevent.preventDefault() called. The page must call beforeinstallpromptevent.prompt() to show the banner. @ http://localhost:3000/transactions:0
[  971473ms] [LOG] [Fast Refresh] rebuilding @ http://localhost:3000/_next/static/chunks/9ea42_next_dist_client_ccc97b1d._.js:5949
[  971526ms] [LOG] [Fast Refresh] done in 154ms @ http://localhost:3000/_next/static/chunks/9ea42_next_dist_client_ccc97b1d._.js:5809
